****************************************************************************************************************************************************************
***                                WIDEN YOUR WINDOW TO 160 CHARACTERS.  Use 'enscript -r -fCourier9' to print this document                                 ***
****************************************************************************************************************************************************************

------------------------------------------------------------------ PETSc Performance Summary: ------------------------------------------------------------------

Unknown Name on a  named DESKTOP-LPBQRIR with 1 processor, by dmw Wed Aug 28 17:02:32 2024
Using Petsc Release Version 3.20.2, Nov 30, 2023 

                         Max       Max/Min     Avg       Total
Time (sec):           8.166e+03     1.000   8.166e+03
Objects:              0.000e+00     0.000   0.000e+00
Flops:                3.364e+08     1.000   3.364e+08  3.364e+08
Flops/sec:            4.119e+04     1.000   4.119e+04  4.119e+04
MPI Msg Count:        0.000e+00     0.000   0.000e+00  0.000e+00
MPI Msg Len (bytes):  0.000e+00     0.000   0.000e+00  0.000e+00
MPI Reductions:       0.000e+00     0.000

Flop counting convention: 1 flop = 1 real number operation of type (multiply/divide/add/subtract)
                            e.g., VecAXPY() for real vectors of length N --> 2N flops
                            and VecAXPY() for complex vectors of length N --> 8N flops

Summary of Stages:   ----- Time ------  ----- Flop ------  --- Messages ---  -- Message Lengths --  -- Reductions --
                        Avg     %Total     Avg     %Total    Count   %Total     Avg         %Total    Count   %Total
 0:      Main Stage: 8.1656e+03 100.0%  3.3637e+08 100.0%  0.000e+00   0.0%  0.000e+00        0.0%  0.000e+00   0.0%

------------------------------------------------------------------------------------------------------------------------
See the 'Profiling' chapter of the users' manual for details on interpreting output.
Phase summary info:
   Count: number of times phase was executed
   Time and Flop: Max - maximum over all processors
                  Ratio - ratio of maximum to minimum over all processors
   Mess: number of messages sent
   AvgLen: average message length (bytes)
   Reduct: number of global reductions
   Global: entire computation
   Stage: stages of a computation. Set stages with PetscLogStagePush() and PetscLogStagePop().
      %T - percent time in this phase         %F - percent flop in this phase
      %M - percent messages in this phase     %L - percent message lengths in this phase
      %R - percent reductions in this phase
   Total Mflop/s: 10e-6 * (sum of flop over all processors)/(max time over all processors)
------------------------------------------------------------------------------------------------------------------------
Event                Count      Time (sec)     Flop                              --- Global ---  --- Stage ----  Total
                   Max Ratio  Max     Ratio   Max  Ratio  Mess   AvgLen  Reduct  %T %F %M %L %R  %T %F %M %L %R Mflop/s
------------------------------------------------------------------------------------------------------------------------

--- Event Stage 0: Main Stage

VecSet           2537457 1.0 1.2627e+00 1.0 0.00e+00 0.0 0.0e+00 0.0e+00 0.0e+00  0  0  0  0  0   0  0  0  0  0     0
VecAssemblyBegin 7612371 1.0 1.3566e+00 1.0 0.00e+00 0.0 0.0e+00 0.0e+00 0.0e+00  0  0  0  0  0   0  0  0  0  0     0
VecAssemblyEnd   7612371 1.0 5.9382e-01 1.0 0.00e+00 0.0 0.0e+00 0.0e+00 0.0e+00  0  0  0  0  0   0  0  0  0  0     0
MatSolve          845819 1.0 8.2451e+00 1.0 0.00e+00 0.0 0.0e+00 0.0e+00 0.0e+00  0  0  0  0  0   0  0  0  0  0     0
MatLUFactorSym    845819 1.0 7.2139e+01 1.0 0.00e+00 0.0 0.0e+00 0.0e+00 0.0e+00  1  0  0  0  0   1  0  0  0  0     0
MatLUFactorNum    845819 1.0 1.3877e+02 1.0 0.00e+00 0.0 0.0e+00 0.0e+00 0.0e+00  2  0  0  0  0   2  0  0  0  0     0
MatAssemblyBegin 1691638 1.0 2.4865e-01 1.0 0.00e+00 0.0 0.0e+00 0.0e+00 0.0e+00  0  0  0  0  0   0  0  0  0  0     0
MatAssemblyEnd   1691638 1.0 1.3017e+01 1.0 0.00e+00 0.0 0.0e+00 0.0e+00 0.0e+00  0  0  0  0  0   0  0  0  0  0     0
MatZeroEntries    845819 1.0 9.2854e-01 1.0 0.00e+00 0.0 0.0e+00 0.0e+00 0.0e+00  0  0  0  0  0   0  0  0  0  0     0
KSPSetUp          845819 1.0 2.6119e-01 1.0 0.00e+00 0.0 0.0e+00 0.0e+00 0.0e+00  0  0  0  0  0   0  0  0  0  0     0
KSPSolve          845819 1.0 1.0730e+01 1.0 0.00e+00 0.0 0.0e+00 0.0e+00 0.0e+00  0  0  0  0  0   0  0  0  0  0     0
PCSetUp           845819 1.0 2.1986e+02 1.0 0.00e+00 0.0 0.0e+00 0.0e+00 0.0e+00  3  0  0  0  0   3  0  0  0  0     0
PCApply           845819 1.0 8.7137e+00 1.0 0.00e+00 0.0 0.0e+00 0.0e+00 0.0e+00  0  0  0  0  0   0  0  0  0  0     0
------------------------------------------------------------------------------------------------------------------------

Object Type          Creations   Destructions. Reports information only for process 0.

--- Event Stage 0: Main Stage

              Vector 2537457          2537457
           Index Set 1691638          1691638
   IS L to G Mapping 4229095          4229095
              Matrix 1691638          1691638
       Krylov Solver 845819          845819
      Preconditioner 845819          845819
              Viewer     1              0

--- Event Stage 1: PCMPI

========================================================================================================================
Average time to get PetscTime(): 2.99999e-08
#PETSc Option Table entries:
-log_view ascii:out.log # (source: environment)
#End of PETSc Option Table entries
Compiled without FORTRAN kernels
Compiled with full precision matrices (default)
sizeof(short) 2 sizeof(int) 4 sizeof(long) 8 sizeof(void*) 8 sizeof(PetscScalar) 8 sizeof(PetscInt) 4
Configure options: AR=${PREFIX}/bin/x86_64-conda-linux-gnu-ar CC=mpicc CXX=mpicxx FC=mpifort CFLAGS="-march=nocona -mtune=haswell -ftree-vectorize -fPIC -fstack-protector-strong -fno-plt -O2 -ffunction-sections -pipe -isystem /home/dmw/anaconda3/envs/fenics-env/include  " CPPFLAGS="-DNDEBUG -D_FORTIFY_SOURCE=2 -O2 -isystem /home/dmw/anaconda3/envs/fenics-env/include" CXXFLAGS="-fvisibility-inlines-hidden -fmessage-length=0 -march=nocona -mtune=haswell -ftree-vectorize -fPIC -fstack-protector-strong -fno-plt -O2 -ffunction-sections -pipe -isystem /home/dmw/anaconda3/envs/fenics-env/include  " FFLAGS="-march=nocona -mtune=haswell -ftree-vectorize -fPIC -fstack-protector-strong -fno-plt -O2 -ffunction-sections -pipe -isystem /home/dmw/anaconda3/envs/fenics-env/include   -Wl,--no-as-needed" LDFLAGS="-pthread -fopenmp -Wl,-O2 -Wl,--sort-common -Wl,--as-needed -Wl,-z,relro -Wl,-z,now -Wl,--disable-new-dtags -Wl,--gc-sections -Wl,--allow-shlib-undefined -Wl,-rpath,/home/dmw/anaconda3/envs/fenics-env/lib -Wl,-rpath-link,/home/dmw/anaconda3/envs/fenics-env/lib -L/home/dmw/anaconda3/envs/fenics-env/lib -Wl,-rpath-link,/home/dmw/anaconda3/envs/fenics-env/lib" LIBS="-lmpifort -lgfortran" --COPTFLAGS=-O3 --CXXOPTFLAGS=-O3 --FOPTFLAGS=-O3 --with-clib-autodetect=0 --with-cxxlib-autodetect=0 --with-fortranlib-autodetect=0 --with-debugging=0 --with-blas-lib=libblas.so --with-lapack-lib=liblapack.so --with-yaml=1 --with-hdf5=1 --with-fftw=1 --with-hwloc=0 --with-hypre=1 --with-metis=1 --with-mpi=1 --with-mumps=1 --with-parmetis=1 --with-pthread=1 --with-ptscotch=1 --with-shared-libraries --with-ssl=0 --with-scalapack=1 --with-superlu=1 --with-superlu_dist=1 --with-suitesparse=1 --with-x=0 --with-scalar-type=real --prefix=/home/dmw/anaconda3/envs/fenics-env
-----------------------------------------
Libraries compiled on 2023-11-30 22:39:30 on 9c35bcaa881f 
Machine characteristics: Linux-6.2.0-1016-azure-x86_64-with-glibc2.17
Using PETSc directory: /home/conda/feedstock_root/build_artifacts/petsc_1701383700348/_h_env_placehold_placehold_placehold_placehold_placehold_placehold_placehold_placehold_placehold_placehold_placehold_placehold_placehold_placehold_placehold_placehold_placehold_placehold_place
Using PETSc arch: 
-----------------------------------------

Using C compiler: mpicc -march=nocona -mtune=haswell -ftree-vectorize -fPIC -fstack-protector-strong -fno-plt -O2 -ffunction-sections -pipe -isystem /home/conda/feedstock_root/build_artifacts/petsc_1701383700348/_h_env_placehold_placehold_placehold_placehold_placehold_placehold_placehold_placehold_placehold_placehold_placehold_placehold_placehold_placehold_placehold_placehold_placehold_placehold_place/include -O3 -DNDEBUG -D_FORTIFY_SOURCE=2 -O2 -isystem /home/conda/feedstock_root/build_artifacts/petsc_1701383700348/_h_env_placehold_placehold_placehold_placehold_placehold_placehold_placehold_placehold_placehold_placehold_placehold_placehold_placehold_placehold_placehold_placehold_placehold_placehold_place/include 
Using Fortran compiler: mpifort -march=nocona -mtune=haswell -ftree-vectorize -fPIC -fstack-protector-strong -fno-plt -O2 -ffunction-sections -pipe -isystem /home/conda/feedstock_root/build_artifacts/petsc_1701383700348/_h_env_placehold_placehold_placehold_placehold_placehold_placehold_placehold_placehold_placehold_placehold_placehold_placehold_placehold_placehold_placehold_placehold_placehold_placehold_place/include   -Wl,--no-as-needed -O3    -DNDEBUG -D_FORTIFY_SOURCE=2 -O2 -isystem /home/conda/feedstock_root/build_artifacts/petsc_1701383700348/_h_env_placehold_placehold_placehold_placehold_placehold_placehold_placehold_placehold_placehold_placehold_placehold_placehold_placehold_placehold_placehold_placehold_placehold_placehold_place/include
-----------------------------------------

Using include paths: -I/home/conda/feedstock_root/build_artifacts/petsc_1701383700348/_h_env_placehold_placehold_placehold_placehold_placehold_placehold_placehold_placehold_placehold_placehold_placehold_placehold_placehold_placehold_placehold_placehold_placehold_placehold_place/include
-----------------------------------------

Using C linker: mpicc
Using Fortran linker: mpifort
Using libraries: -Wl,-rpath,/home/conda/feedstock_root/build_artifacts/petsc_1701383700348/_h_env_placehold_placehold_placehold_placehold_placehold_placehold_placehold_placehold_placehold_placehold_placehold_placehold_placehold_placehold_placehold_placehold_placehold_placehold_place/lib -L/home/conda/feedstock_root/build_artifacts/petsc_1701383700348/_h_env_placehold_placehold_placehold_placehold_placehold_placehold_placehold_placehold_placehold_placehold_placehold_placehold_placehold_placehold_placehold_placehold_placehold_placehold_place/lib -lpetsc -lHYPRE -lspqr -lumfpack -lklu -lcholmod -lbtf -lccolamd -lcolamd -lcamd -lamd -lsuitesparseconfig -ldmumps -lmumps_common -lpord -lpthread -lscalapack -lsuperlu -lsuperlu_dist -lfftw3_mpi -lfftw3 -llapack -lblas -lptesmumps -lptscotchparmetis -lptscotch -lptscotcherr -lesmumps -lscotch -lscotcherr -lparmetis -lmetis -lhdf5_hl -lhdf5 -lm -lyaml -lquadmath -ldl -lmpifort -lgfortran
-----------------------------------------

